<html>
<body>
<pre>
<h1>µVision Build Log</h1>
<h2>Tool Versions:</h2>
IDE-Version: µVision V5.34.0.0
Copyright (C) 2021 ARM Ltd and ARM Germany GmbH. All rights reserved.
License Information: Dmitrii Gusev, Simon Fraser University, LIC=RC93N-Y7DVF-LQ90Q-NUYYL-KJDCF-P06IP
 
Tool Versions:
Toolchain:       MDK-ARM Plus  Version: 5.34.0.0
Toolchain Path:  E:\KeilV5\ARM\ARMCC\Bin
C Compiler:      Armcc.exe V5.06 update 7 (build 960)
Assembler:       Armasm.exe V5.06 update 7 (build 960)
Linker/Locator:  ArmLink.exe V5.06 update 7 (build 960)
Library Manager: ArmAr.exe V5.06 update 7 (build 960)
Hex Converter:   FromElf.exe V5.06 update 7 (build 960)
CPU DLL:         SARMCM3.DLL V5.34.0.0
Dialog DLL:      DCM.DLL V1.17.3.0
Target DLL:      lmidk-agdi.dll V???
Dialog DLL:      TCM.DLL V1.48.0.0
 
<h2>Project:</h2>
C:\Users\amidg\OneDrive\UNIVERSITY\5TH YEAR\MSE450\PROJECT\MSE450_SU21_G05\MSE450_PROJECT_G05.uvprojx
Project File Date:  07/12/2021

<h2>Output:</h2>
*** Using Compiler 'V5.06 update 7 (build 960)', folder: 'E:\KeilV5\ARM\ARMCC\Bin'
Rebuild target 'HelloLaunchPad'
assembling startup_TM4C123.s...
compiling Nokia5110.c...
compiling system_TM4C123.c...
compiling main.c...
src\Group5_AnalogRead.h(78): warning:  #1-D: last line of file ends without a newline
  }
src\Group5_UART.h(129): warning:  #1-D: last line of file ends without a newline
  }
src\Object.h(19): warning:  #1-D: last line of file ends without a newline
  typedef struct Object SObj;
src\GameFunctions.h(35): warning:  #1166-D: returning pointer to local variable
  	return direction; //x, y
src\GameFunctions.h(199): warning:  #370-D: variable "bitmapForDebug"  has an uninitialized const field
  	SObj bitmapForDebug; //create default bitmap
src\GameFunctions.h(223): warning:  #370-D: variable "bitmapForDebug"  has an uninitialized const field
  	SObj bitmapForDebug; //create default bitmap
src\GameFunctions.h(224): warning:  #177-D: variable "position"  was declared but never referenced
  	char position[20];
src\GameFunctions.h(225): warning:  #177-D: variable "iterX"  was declared but never referenced
  	unsigned char iterX;
src\GameFunctions.h(226): warning:  #177-D: variable "iterY"  was declared but never referenced
  	unsigned char iterY;
src\main.c(82): warning:  #1295-D: Deprecated declaration moveBullets - give arg types
  void moveBullets(); //move bullets to the desired location
src\main.c(83): warning:  #1295-D: Deprecated declaration asteroidDestroyChecker - give arg types
  void asteroidDestroyChecker();
src\main.c(84): warning:  #1295-D: Deprecated declaration spaceshipDestroyChecker - give arg types
  void spaceshipDestroyChecker();
src\main.c: 12 warnings, 0 errors
linking...
Program Size: Code=4682 RO-data=3538 RW-data=28 ZI-data=1508  
".\HelloLaunchPad.axf" - 0 Error(s), 12 Warning(s).

<h2>Software Packages used:</h2>

Package Vendor: ARM
                http://www.keil.com/pack/ARM.CMSIS.5.8.0.pack
                ARM.CMSIS.5.8.0
                CMSIS (Common Microcontroller Software Interface Standard)
   * Component: CORE Version: 5.5.0

Package Vendor: Keil
                http://www.keil.com/pack/Keil.TM4C_DFP.1.1.0.pack
                Keil.TM4C_DFP.1.1.0
                Texas Instruments Tiva C Series Device Support and Examples
   * Component: Startup Version: 1.0.1

<h2>Collection of Component include folders:</h2>
  .\RTE\_HelloLaunchPad
  E:\KeilV5\Packs\ARM\CMSIS\5.8.0\CMSIS\Core\Include
  E:\KeilV5\Packs\Keil\TM4C_DFP\1.1.0\Device\Include\TM4C123

<h2>Collection of Component Files used:</h2>

   * Component: ARM::CMSIS:CORE:5.5.0

   * Component: Keil::Device:Startup:1.0.1
      Source file:   Device\Source\ARM\startup_TM4C123.s
      Include file:  Device\Include\TM4C123\TM4C123.h
      Source file:   Device\Source\system_TM4C123.c
Build Time Elapsed:  00:00:02
</pre>
</body>
</html>
